[0m00:05:12.357763 [debug] [MainThread]: Sending event: {'category': 'dbt', 'action': 'invocation', 'label': 'start', 'context': [<snowplow_tracker.self_describing_json.SelfDescribingJson object at 0x0000023F23914650>, <snowplow_tracker.self_describing_json.SelfDescribingJson object at 0x0000023F25B3EBD0>, <snowplow_tracker.self_describing_json.SelfDescribingJson object at 0x0000023F24189F10>]}


============================== 00:05:12.363268 | c66e65e4-d5f0-4757-ae8e-32d9f2a1c37c ==============================
[0m00:05:12.363268 [info ] [MainThread]: Running with dbt=1.12.4
[0m00:05:12.364130 [debug] [MainThread]: running dbt with arguments {'static_parser': 'True', 'no_print': 'None', 'maximum_seed_size_mib': '1', 'target_path': 'None', 'warn_error_options': 'WarnErrorOptionsV2(error=[], warn=[], silence=[])', 'version_check': 'True', 'printer_width': '80', 'write_json': 'True', 'empty': 'None', 'log_cache_events': 'False', 'introspect': 'True', 'cache_selected_only': 'False', 'fail_fast': 'False', 'debug': 'False', 'log_format': 'default', 'profiles_dir': 'C:\\Users\\pedro\\.dbt', 'send_anonymous_usage_stats': 'True', 'quiet': 'False', 'warn_error': 'None', 'partial_parse': 'True', 'use_colors': 'True', 'hints_enabled': 'True', 'indirect_selection': 'eager', 'use_experimental_parser': 'False', 'invocation_command': 'dbt init gitproj', 'log_path': 'logs'}
[0m00:05:12.390195 [info ] [MainThread]: Creating dbt configuration folder at C:\Users\pedro\.dbt
[0m00:05:12.393715 [debug] [MainThread]: Starter project path: c:\Users\pedro\Desktop\github-repo-analytics-elt\.venv\Lib\site-packages\dbt\include\starter_project
[0m00:05:12.416887 [info ] [MainThread]: Setting up your profile.
[0m00:05:46.550780 [debug] [MainThread]: Snowflake adapter: Setting snowflake.connector to ERROR (file logging only)
[0m00:05:46.550780 [debug] [MainThread]: Snowflake adapter: Setting botocore to ERROR (file logging only)
[0m00:05:46.550780 [debug] [MainThread]: Snowflake adapter: Setting boto3 to ERROR (file logging only)
[0m00:10:17.888693 [info ] [MainThread]: Profile gitproj written to C:\Users\pedro\.dbt\profiles.yml using target's profile_template.yml and your supplied values.
[0m00:10:17.920813 [info ] [MainThread]: Running dbt debug to validate the project...
[0m00:10:17.923013 [info ] [MainThread]: dbt version: 1.12.4
[0m00:10:17.925051 [info ] [MainThread]: python version: 3.12.0
[0m00:10:17.925051 [info ] [MainThread]: python path: c:\Users\pedro\Desktop\github-repo-analytics-elt\.venv\Scripts\python.exe
[0m00:10:17.925051 [info ] [MainThread]: os info: Windows-11-10.0.26200-SP0
[0m00:10:18.037732 [info ] [MainThread]: Using profiles dir at C:\Users\pedro\.dbt
[0m00:10:18.037732 [info ] [MainThread]: Using profiles.yml file at C:\Users\pedro\.dbt\profiles.yml
[0m00:10:18.037732 [info ] [MainThread]: Using dbt_project.yml file at C:\Users\pedro\Desktop\github-repo-analytics-elt\gitproj\dbt_project.yml
[0m00:10:18.042802 [info ] [MainThread]: adapter type: snowflake
[0m00:10:18.042802 [info ] [MainThread]: adapter version: 1.12.0
[0m00:10:18.183584 [info ] [MainThread]: Configuration:
[0m00:10:18.187271 [info ] [MainThread]:   profiles.yml file [[32mOK found and valid[0m]
[0m00:10:18.188670 [info ] [MainThread]:   dbt_project.yml file [[32mOK found and valid[0m]
[0m00:10:18.188670 [info ] [MainThread]: Required dependencies:
[0m00:10:18.188670 [debug] [MainThread]: Executing "git --help"
[0m00:10:18.257299 [debug] [MainThread]: STDOUT: "b"usage: git [-v | --version] [-h | --help] [-C <path>] [-c <name>=<value>]\n           [--exec-path[=<path>]] [--html-path] [--man-path] [--info-path]\n           [-p | --paginate | -P | --no-pager] [--no-replace-objects] [--bare]\n           [--git-dir=<path>] [--work-tree=<path>] [--namespace=<name>]\n           [--config-env=<name>=<envvar>] <command> [<args>]\n\nThese are common Git commands used in various situations:\n\nstart a working area (see also: git help tutorial)\n   clone     Clone a repository into a new directory\n   init      Create an empty Git repository or reinitialize an existing one\n\nwork on the current change (see also: git help everyday)\n   add       Add file contents to the index\n   mv        Move or rename a file, a directory, or a symlink\n   restore   Restore working tree files\n   rm        Remove files from the working tree and from the index\n\nexamine the history and state (see also: git help revisions)\n   bisect    Use binary search to find the commit that introduced a bug\n   diff      Show changes between commits, commit and working tree, etc\n   grep      Print lines matching a pattern\n   log       Show commit logs\n   show      Show various types of objects\n   status    Show the working tree status\n\ngrow, mark and tweak your common history\n   branch    List, create, or delete branches\n   commit    Record changes to the repository\n   merge     Join two or more development histories together\n   rebase    Reapply commits on top of another base tip\n   reset     Reset current HEAD to the specified state\n   switch    Switch branches\n   tag       Create, list, delete or verify a tag object signed with GPG\n\ncollaborate (see also: git help workflows)\n   fetch     Download objects and refs from another repository\n   pull      Fetch from and integrate with another repository or a local branch\n   push      Update remote refs along with associated objects\n\n'git help -a' and 'git help -g' list available subcommands and some\nconcept guides. See 'git help <command>' or 'git help <concept>'\nto read about a specific subcommand or concept.\nSee 'git help git' for an overview of the system.\n""
[0m00:10:18.258302 [debug] [MainThread]: STDERR: "b''"
[0m00:10:18.258302 [info ] [MainThread]:  - git [[32mOK found[0m]

[0m00:10:18.259292 [info ] [MainThread]: Connection:
[0m00:10:18.260305 [info ] [MainThread]:   account: NEGYXNA-WP12944
[0m00:10:18.260305 [info ] [MainThread]:   user: PEDRONUNESM
[0m00:10:18.261812 [info ] [MainThread]:   database: GITPROJ
[0m00:10:18.261812 [info ] [MainThread]:   warehouse: GITPROJ_WH
[0m00:10:18.262827 [info ] [MainThread]:   role: DBT_ROLE
[0m00:10:18.262827 [info ] [MainThread]:   schema: SILVER
[0m00:10:18.263819 [info ] [MainThread]:   authenticator: None
[0m00:10:18.264835 [info ] [MainThread]:   oauth_client_id: None
[0m00:10:18.266480 [info ] [MainThread]:   query_tag: None
[0m00:10:18.267508 [info ] [MainThread]:   client_session_keep_alive: False
[0m00:10:18.268493 [info ] [MainThread]:   host: None
[0m00:10:18.269427 [info ] [MainThread]:   port: None
[0m00:10:18.269925 [info ] [MainThread]:   proxy_host: None
[0m00:10:18.269925 [info ] [MainThread]:   proxy_port: None
[0m00:10:18.269925 [info ] [MainThread]:   protocol: None
[0m00:10:18.272497 [info ] [MainThread]:   connect_retries: 1
[0m00:10:18.272497 [info ] [MainThread]:   connect_timeout: None
[0m00:10:18.272497 [info ] [MainThread]:   retry_on_database_errors: False
[0m00:10:18.272497 [info ] [MainThread]:   retry_all: False
[0m00:10:18.272497 [info ] [MainThread]:   insecure_mode: False
[0m00:10:18.272497 [info ] [MainThread]:   reuse_connections: True
[0m00:10:18.272497 [info ] [MainThread]:   s3_stage_vpce_dns_name: None
[0m00:10:18.277521 [info ] [MainThread]:   workload_identity_provider: None
[0m00:10:18.277521 [info ] [MainThread]:   workload_identity_entra_resource: None
[0m00:10:18.278530 [info ] [MainThread]:   platform_detection_timeout_seconds: 0.0
[0m00:10:18.280228 [info ] [MainThread]: Registered adapter: snowflake=1.12.0
[0m00:10:18.923256 [debug] [MainThread]: Acquiring new snowflake connection 'debug'
[0m00:10:18.925354 [debug] [MainThread]: Using snowflake connection "debug"
[0m00:10:18.925354 [debug] [MainThread]: On debug: select 1 as id
[0m00:10:18.925354 [debug] [MainThread]: Opening a new connection, currently in state init
[0m00:10:20.793823 [debug] [MainThread]: Snowflake adapter: Error running SQL: select 1 as id
[0m00:10:20.794822 [debug] [MainThread]: Snowflake adapter: Rolling back transaction.
[0m00:10:20.796125 [info ] [MainThread]:   Connection test: [[31mERROR[0m]

[0m00:10:20.797165 [info ] [MainThread]: [31m1 check failed:[0m
[0m00:10:20.797165 [info ] [MainThread]: dbt was unable to connect to the specified database.
The database returned the following error:

  >Database Error
  390100 (28000): Failed to connect to DB: NEGYXNA-WP12944.snowflakecomputing.com:443. Incorrect username or password was specified. [a25fa862-5945-4b1e-b900-2febed957b68]

Check your database credentials and try again. For more information, visit:
https://docs.getdbt.com/docs/configure-your-profile


[0m00:10:20.798165 [info ] [MainThread]: Your new dbt project "gitproj" was created!
Initialized new project in C:\Users\pedro\Desktop\github-repo-analytics-elt\gitproj\gitproj

For more information on how to configure the profiles.yml file,
please consult the dbt documentation here:

  https://docs.getdbt.com/docs/configure-your-profile

One more thing:

Need help? Don't hesitate to reach out to us via GitHub issues or on Slack:

  https://community.getdbt.com/

Happy modeling!

[0m00:10:20.799150 [info ] [MainThread]: [31mYour profile may need adjustments. You can find the logs of `dbt debug` above[0m
[0m00:10:20.806250 [debug] [MainThread]: Command `dbt init` succeeded at 00:10:20.805247 after 308.63 seconds
[0m00:10:20.807254 [debug] [MainThread]: Connection 'debug' was left open.
[0m00:10:20.808257 [debug] [MainThread]: On debug: No close available on handle
[0m00:10:20.810679 [debug] [MainThread]: Sending event: {'category': 'dbt', 'action': 'invocation', 'label': 'end', 'context': [<snowplow_tracker.self_describing_json.SelfDescribingJson object at 0x0000023F23F09D00>, <snowplow_tracker.self_describing_json.SelfDescribingJson object at 0x0000023F24947D40>, <snowplow_tracker.self_describing_json.SelfDescribingJson object at 0x0000023F25B803B0>]}
[0m00:10:20.812371 [debug] [MainThread]: Flushing usage events
[0m00:10:21.572092 [debug] [MainThread]: An error was encountered while trying to flush usage events
[0m00:12:37.884412 [debug] [MainThread]: Sending event: {'category': 'dbt', 'action': 'invocation', 'label': 'start', 'context': [<snowplow_tracker.self_describing_json.SelfDescribingJson object at 0x000002B3B2F13FB0>, <snowplow_tracker.self_describing_json.SelfDescribingJson object at 0x000002B3B30DC500>, <snowplow_tracker.self_describing_json.SelfDescribingJson object at 0x000002B3B2A58BF0>]}


============================== 00:12:37.890284 | af2009e8-53ed-4e05-b18c-6ace253e683a ==============================
[0m00:12:37.890284 [info ] [MainThread]: Running with dbt=1.12.4
[0m00:12:37.891298 [debug] [MainThread]: running dbt with arguments {'version_check': 'True', 'no_print': 'None', 'static_parser': 'True', 'target_path': 'None', 'warn_error_options': 'WarnErrorOptionsV2(error=[], warn=[], silence=[])', 'maximum_seed_size_mib': '1', 'printer_width': '80', 'write_json': 'True', 'empty': 'None', 'log_cache_events': 'False', 'introspect': 'True', 'cache_selected_only': 'False', 'log_format': 'default', 'debug': 'False', 'fail_fast': 'False', 'partial_parse': 'True', 'send_anonymous_usage_stats': 'True', 'quiet': 'False', 'warn_error': 'None', 'profiles_dir': 'C:\\Users\\pedro\\.dbt', 'use_colors': 'True', 'hints_enabled': 'True', 'indirect_selection': 'eager', 'use_experimental_parser': 'False', 'invocation_command': 'dbt init gitproj', 'log_path': 'logs'}
[0m00:12:37.921284 [info ] [MainThread]: A project called gitproj already exists here.
[0m00:12:37.922284 [debug] [MainThread]: Command `dbt init` succeeded at 00:12:37.922284 after 0.26 seconds
[0m00:12:37.923803 [debug] [MainThread]: Sending event: {'category': 'dbt', 'action': 'invocation', 'label': 'end', 'context': [<snowplow_tracker.self_describing_json.SelfDescribingJson object at 0x000002B3B315FD70>, <snowplow_tracker.self_describing_json.SelfDescribingJson object at 0x000002B3B315DBB0>, <snowplow_tracker.self_describing_json.SelfDescribingJson object at 0x000002B3B2FE5460>]}
[0m00:12:37.923803 [debug] [MainThread]: Flushing usage events
[0m00:12:38.661050 [debug] [MainThread]: An error was encountered while trying to flush usage events
[0m00:17:39.690666 [debug] [MainThread]: Sending event: {'category': 'dbt', 'action': 'invocation', 'label': 'start', 'context': [<snowplow_tracker.self_describing_json.SelfDescribingJson object at 0x000001A8F45EAB70>, <snowplow_tracker.self_describing_json.SelfDescribingJson object at 0x000001A8F45EAA50>, <snowplow_tracker.self_describing_json.SelfDescribingJson object at 0x000001A8F45EAB10>]}


============================== 00:17:39.691681 | 328d0685-e323-49d1-8f74-03309b7c9779 ==============================
[0m00:17:39.691681 [info ] [MainThread]: Running with dbt=1.12.4
[0m00:17:39.691681 [debug] [MainThread]: running dbt with arguments {'maximum_seed_size_mib': '1', 'no_print': 'None', 'version_check': 'True', 'target_path': 'None', 'warn_error_options': 'WarnErrorOptionsV2(error=[], warn=[], silence=[])', 'static_parser': 'True', 'printer_width': '80', 'write_json': 'True', 'empty': 'None', 'log_cache_events': 'False', 'introspect': 'True', 'cache_selected_only': 'False', 'log_format': 'default', 'debug': 'False', 'fail_fast': 'False', 'profiles_dir': 'C:\\Users\\pedro\\.dbt', 'send_anonymous_usage_stats': 'True', 'quiet': 'False', 'warn_error': 'None', 'partial_parse': 'True', 'use_colors': 'True', 'hints_enabled': 'True', 'invocation_command': 'dbt debug', 'use_experimental_parser': 'False', 'indirect_selection': 'eager', 'log_path': 'logs'}
[0m00:17:39.728265 [info ] [MainThread]: dbt version: 1.12.4
[0m00:17:39.728265 [info ] [MainThread]: python version: 3.12.0
[0m00:17:39.728265 [info ] [MainThread]: python path: c:\Users\pedro\Desktop\github-repo-analytics-elt\.venv\Scripts\python.exe
[0m00:17:39.728265 [info ] [MainThread]: os info: Windows-11-10.0.26200-SP0
[0m00:17:39.728265 [error] [MainThread]: [[31mERROR[0m]: Encountered an error:
Runtime Error
  Syntax error near line 6
  ------------------------------
  3  |     dev:
  4  |       account: NEGYXNA-WP12944
  5  |       database: GITPROJ
  6  |       password: !Qaz2wsx3edc4rfv
  7  |       role: DBT_ROLE
  8  |       schema: SILVER
  9  |       threads: 8
  
  Raw Error:
  ------------------------------
  could not determine a constructor for the tag '!Qaz2wsx3edc4rfv'
    in "<unicode string>", line 6, column 17
[0m00:17:39.728265 [debug] [MainThread]: Command `dbt debug` failed at 00:17:39.728265 after 0.16 seconds
[0m00:17:39.728265 [debug] [MainThread]: Sending event: {'category': 'dbt', 'action': 'invocation', 'label': 'end', 'context': [<snowplow_tracker.self_describing_json.SelfDescribingJson object at 0x000001A8F45EAC90>, <snowplow_tracker.self_describing_json.SelfDescribingJson object at 0x000001A8F47D2780>, <snowplow_tracker.self_describing_json.SelfDescribingJson object at 0x000001A8F47D27B0>]}
[0m00:17:39.728265 [debug] [MainThread]: Flushing usage events
[0m00:17:40.471759 [debug] [MainThread]: An error was encountered while trying to flush usage events
[0m00:18:42.512420 [debug] [MainThread]: Sending event: {'category': 'dbt', 'action': 'invocation', 'label': 'start', 'context': [<snowplow_tracker.self_describing_json.SelfDescribingJson object at 0x000002BA57CCFC50>, <snowplow_tracker.self_describing_json.SelfDescribingJson object at 0x000002BA5BAAF530>, <snowplow_tracker.self_describing_json.SelfDescribingJson object at 0x000002BA5AC91D90>]}


============================== 00:18:42.516408 | ce948480-66be-41f4-89e5-3fe25fb2d13a ==============================
[0m00:18:42.516408 [info ] [MainThread]: Running with dbt=1.12.4
[0m00:18:42.517571 [debug] [MainThread]: running dbt with arguments {'static_parser': 'True', 'no_print': 'None', 'maximum_seed_size_mib': '1', 'warn_error_options': 'WarnErrorOptionsV2(error=[], warn=[], silence=[])', 'version_check': 'True', 'target_path': 'None', 'printer_width': '80', 'write_json': 'True', 'empty': 'None', 'log_cache_events': 'False', 'introspect': 'True', 'cache_selected_only': 'False', 'log_format': 'default', 'debug': 'False', 'fail_fast': 'False', 'profiles_dir': 'C:\\Users\\pedro\\.dbt', 'send_anonymous_usage_stats': 'True', 'quiet': 'False', 'warn_error': 'None', 'partial_parse': 'True', 'invocation_command': 'dbt debug', 'hints_enabled': 'True', 'use_colors': 'True', 'use_experimental_parser': 'False', 'indirect_selection': 'eager', 'log_path': 'logs'}
[0m00:18:42.534497 [info ] [MainThread]: dbt version: 1.12.4
[0m00:18:42.535480 [info ] [MainThread]: python version: 3.12.0
[0m00:18:42.535480 [info ] [MainThread]: python path: c:\Users\pedro\Desktop\github-repo-analytics-elt\.venv\Scripts\python.exe
[0m00:18:42.536489 [info ] [MainThread]: os info: Windows-11-10.0.26200-SP0
[0m00:18:43.248583 [debug] [MainThread]: Snowflake adapter: Setting snowflake.connector to ERROR (file logging only)
[0m00:18:43.249578 [debug] [MainThread]: Snowflake adapter: Setting botocore to ERROR (file logging only)
[0m00:18:43.249578 [debug] [MainThread]: Snowflake adapter: Setting boto3 to ERROR (file logging only)
[0m00:18:43.415390 [info ] [MainThread]: Using profiles dir at C:\Users\pedro\.dbt
[0m00:18:43.416389 [info ] [MainThread]: Using profiles.yml file at C:\Users\pedro\.dbt\profiles.yml
[0m00:18:43.417372 [info ] [MainThread]: Using dbt_project.yml file at C:\Users\pedro\Desktop\github-repo-analytics-elt\dbt_project.yml
[0m00:18:43.419593 [info ] [MainThread]: adapter type: snowflake
[0m00:18:43.420625 [info ] [MainThread]: adapter version: 1.12.0
[0m00:18:43.420625 [info ] [MainThread]: Configuration:
[0m00:18:43.421920 [info ] [MainThread]:   profiles.yml file [[32mOK found and valid[0m]
[0m00:18:43.422944 [info ] [MainThread]:   dbt_project.yml file [[31mERROR not found[0m]
[0m00:18:43.424184 [info ] [MainThread]: Required dependencies:
[0m00:18:43.425201 [debug] [MainThread]: Executing "git --help"
[0m00:18:43.469550 [debug] [MainThread]: STDOUT: "b"usage: git [-v | --version] [-h | --help] [-C <path>] [-c <name>=<value>]\n           [--exec-path[=<path>]] [--html-path] [--man-path] [--info-path]\n           [-p | --paginate | -P | --no-pager] [--no-replace-objects] [--bare]\n           [--git-dir=<path>] [--work-tree=<path>] [--namespace=<name>]\n           [--config-env=<name>=<envvar>] <command> [<args>]\n\nThese are common Git commands used in various situations:\n\nstart a working area (see also: git help tutorial)\n   clone     Clone a repository into a new directory\n   init      Create an empty Git repository or reinitialize an existing one\n\nwork on the current change (see also: git help everyday)\n   add       Add file contents to the index\n   mv        Move or rename a file, a directory, or a symlink\n   restore   Restore working tree files\n   rm        Remove files from the working tree and from the index\n\nexamine the history and state (see also: git help revisions)\n   bisect    Use binary search to find the commit that introduced a bug\n   diff      Show changes between commits, commit and working tree, etc\n   grep      Print lines matching a pattern\n   log       Show commit logs\n   show      Show various types of objects\n   status    Show the working tree status\n\ngrow, mark and tweak your common history\n   branch    List, create, or delete branches\n   commit    Record changes to the repository\n   merge     Join two or more development histories together\n   rebase    Reapply commits on top of another base tip\n   reset     Reset current HEAD to the specified state\n   switch    Switch branches\n   tag       Create, list, delete or verify a tag object signed with GPG\n\ncollaborate (see also: git help workflows)\n   fetch     Download objects and refs from another repository\n   pull      Fetch from and integrate with another repository or a local branch\n   push      Update remote refs along with associated objects\n\n'git help -a' and 'git help -g' list available subcommands and some\nconcept guides. See 'git help <command>' or 'git help <concept>'\nto read about a specific subcommand or concept.\nSee 'git help git' for an overview of the system.\n""
[0m00:18:43.469550 [debug] [MainThread]: STDERR: "b''"
[0m00:18:43.470542 [info ] [MainThread]:  - git [[32mOK found[0m]

[0m00:18:43.470542 [info ] [MainThread]: Connection:
[0m00:18:43.470542 [info ] [MainThread]:   account: NEGYXNA-WP12944
[0m00:18:43.471543 [info ] [MainThread]:   user: PEDRONUNESM
[0m00:18:43.472540 [info ] [MainThread]:   database: GITPROJ
[0m00:18:43.472540 [info ] [MainThread]:   warehouse: GITPROJ_WH
[0m00:18:43.473529 [info ] [MainThread]:   role: DBT_ROLE
[0m00:18:43.473529 [info ] [MainThread]:   schema: SILVER
[0m00:18:43.474531 [info ] [MainThread]:   authenticator: None
[0m00:18:43.475539 [info ] [MainThread]:   oauth_client_id: None
[0m00:18:43.475539 [info ] [MainThread]:   query_tag: None
[0m00:18:43.476543 [info ] [MainThread]:   client_session_keep_alive: False
[0m00:18:43.476543 [info ] [MainThread]:   host: None
[0m00:18:43.477531 [info ] [MainThread]:   port: None
[0m00:18:43.477531 [info ] [MainThread]:   proxy_host: None
[0m00:18:43.478545 [info ] [MainThread]:   proxy_port: None
[0m00:18:43.479542 [info ] [MainThread]:   protocol: None
[0m00:18:43.479542 [info ] [MainThread]:   connect_retries: 1
[0m00:18:43.480531 [info ] [MainThread]:   connect_timeout: None
[0m00:18:43.480531 [info ] [MainThread]:   retry_on_database_errors: False
[0m00:18:43.481527 [info ] [MainThread]:   retry_all: False
[0m00:18:43.482539 [info ] [MainThread]:   insecure_mode: False
[0m00:18:43.482539 [info ] [MainThread]:   reuse_connections: True
[0m00:18:43.483523 [info ] [MainThread]:   s3_stage_vpce_dns_name: None
[0m00:18:43.483523 [info ] [MainThread]:   workload_identity_provider: None
[0m00:18:43.484523 [info ] [MainThread]:   workload_identity_entra_resource: None
[0m00:18:43.485528 [info ] [MainThread]:   platform_detection_timeout_seconds: 0.0
[0m00:18:43.486537 [info ] [MainThread]: Registered adapter: snowflake=1.12.0
[0m00:18:43.976819 [debug] [MainThread]: Acquiring new snowflake connection 'debug'
[0m00:18:43.980832 [debug] [MainThread]: Using snowflake connection "debug"
[0m00:18:43.980832 [debug] [MainThread]: On debug: select 1 as id
[0m00:18:43.981839 [debug] [MainThread]: Opening a new connection, currently in state init
[0m00:18:45.071463 [debug] [MainThread]: SQL status: SUCCESS 1 in 1.090 seconds
[0m00:18:45.072700 [info ] [MainThread]:   Connection test: [[32mOK connection ok[0m]

[0m00:18:45.073733 [info ] [MainThread]: [31m1 check failed:[0m
[0m00:18:45.074735 [info ] [MainThread]: Project loading failed for the following reason:
 project path <C:\Users\pedro\Desktop\github-repo-analytics-elt\dbt_project.yml> not found

[0m00:18:45.076734 [debug] [MainThread]: Command `dbt debug` failed at 00:18:45.075734 after 2.73 seconds
[0m00:18:45.076734 [debug] [MainThread]: Connection 'debug' was left open.
[0m00:18:45.076734 [debug] [MainThread]: On debug: Close
[0m00:18:45.152872 [debug] [MainThread]: Sending event: {'category': 'dbt', 'action': 'invocation', 'label': 'end', 'context': [<snowplow_tracker.self_describing_json.SelfDescribingJson object at 0x000002BA5CBCC380>, <snowplow_tracker.self_describing_json.SelfDescribingJson object at 0x000002BA5DF95AF0>, <snowplow_tracker.self_describing_json.SelfDescribingJson object at 0x000002BA5E186F60>]}
[0m00:18:45.152872 [debug] [MainThread]: Flushing usage events
[0m00:18:45.854297 [debug] [MainThread]: An error was encountered while trying to flush usage events
[0m00:19:12.023182 [debug] [MainThread]: Sending event: {'category': 'dbt', 'action': 'invocation', 'label': 'start', 'context': [<snowplow_tracker.self_describing_json.SelfDescribingJson object at 0x000001B4774B1220>, <snowplow_tracker.self_describing_json.SelfDescribingJson object at 0x000001B474215550>, <snowplow_tracker.self_describing_json.SelfDescribingJson object at 0x000001B47564F5C0>]}


============================== 00:19:12.037432 | cf206a34-7af4-4c5d-8bb8-a0788fbe080f ==============================
[0m00:19:12.037432 [info ] [MainThread]: Running with dbt=1.12.4
[0m00:19:12.037432 [debug] [MainThread]: running dbt with arguments {'maximum_seed_size_mib': '1', 'no_print': 'None', 'version_check': 'True', 'target_path': 'None', 'warn_error_options': 'WarnErrorOptionsV2(error=[], warn=[], silence=[])', 'static_parser': 'True', 'printer_width': '80', 'write_json': 'True', 'empty': 'None', 'log_cache_events': 'False', 'introspect': 'True', 'cache_selected_only': 'False', 'fail_fast': 'False', 'debug': 'False', 'log_format': 'default', 'partial_parse': 'True', 'send_anonymous_usage_stats': 'True', 'quiet': 'False', 'warn_error': 'None', 'profiles_dir': 'C:\\Users\\pedro\\.dbt', 'invocation_command': 'dbt debug', 'hints_enabled': 'True', 'use_colors': 'True', 'use_experimental_parser': 'False', 'indirect_selection': 'eager', 'log_path': 'logs'}
[0m00:19:12.055082 [info ] [MainThread]: dbt version: 1.12.4
[0m00:19:12.056431 [info ] [MainThread]: python version: 3.12.0
[0m00:19:12.056431 [info ] [MainThread]: python path: c:\Users\pedro\Desktop\github-repo-analytics-elt\.venv\Scripts\python.exe
[0m00:19:12.057732 [info ] [MainThread]: os info: Windows-11-10.0.26200-SP0
[0m00:19:12.451993 [debug] [MainThread]: Snowflake adapter: Setting snowflake.connector to ERROR (file logging only)
[0m00:19:12.452999 [debug] [MainThread]: Snowflake adapter: Setting botocore to ERROR (file logging only)
[0m00:19:12.452999 [debug] [MainThread]: Snowflake adapter: Setting boto3 to ERROR (file logging only)
[0m00:19:12.573046 [info ] [MainThread]: Using profiles dir at C:\Users\pedro\.dbt
[0m00:19:12.574053 [info ] [MainThread]: Using profiles.yml file at C:\Users\pedro\.dbt\profiles.yml
[0m00:19:12.575044 [info ] [MainThread]: Using dbt_project.yml file at C:\Users\pedro\Desktop\github-repo-analytics-elt\dbt_project.yml
[0m00:19:12.576478 [info ] [MainThread]: adapter type: snowflake
[0m00:19:12.576783 [info ] [MainThread]: adapter version: 1.12.0
[0m00:19:12.577849 [info ] [MainThread]: Configuration:
[0m00:19:12.577849 [info ] [MainThread]:   profiles.yml file [[32mOK found and valid[0m]
[0m00:19:12.579598 [info ] [MainThread]:   dbt_project.yml file [[31mERROR not found[0m]
[0m00:19:12.580646 [info ] [MainThread]: Required dependencies:
[0m00:19:12.580646 [debug] [MainThread]: Executing "git --help"
[0m00:19:12.627441 [debug] [MainThread]: STDOUT: "b"usage: git [-v | --version] [-h | --help] [-C <path>] [-c <name>=<value>]\n           [--exec-path[=<path>]] [--html-path] [--man-path] [--info-path]\n           [-p | --paginate | -P | --no-pager] [--no-replace-objects] [--bare]\n           [--git-dir=<path>] [--work-tree=<path>] [--namespace=<name>]\n           [--config-env=<name>=<envvar>] <command> [<args>]\n\nThese are common Git commands used in various situations:\n\nstart a working area (see also: git help tutorial)\n   clone     Clone a repository into a new directory\n   init      Create an empty Git repository or reinitialize an existing one\n\nwork on the current change (see also: git help everyday)\n   add       Add file contents to the index\n   mv        Move or rename a file, a directory, or a symlink\n   restore   Restore working tree files\n   rm        Remove files from the working tree and from the index\n\nexamine the history and state (see also: git help revisions)\n   bisect    Use binary search to find the commit that introduced a bug\n   diff      Show changes between commits, commit and working tree, etc\n   grep      Print lines matching a pattern\n   log       Show commit logs\n   show      Show various types of objects\n   status    Show the working tree status\n\ngrow, mark and tweak your common history\n   branch    List, create, or delete branches\n   commit    Record changes to the repository\n   merge     Join two or more development histories together\n   rebase    Reapply commits on top of another base tip\n   reset     Reset current HEAD to the specified state\n   switch    Switch branches\n   tag       Create, list, delete or verify a tag object signed with GPG\n\ncollaborate (see also: git help workflows)\n   fetch     Download objects and refs from another repository\n   pull      Fetch from and integrate with another repository or a local branch\n   push      Update remote refs along with associated objects\n\n'git help -a' and 'git help -g' list available subcommands and some\nconcept guides. See 'git help <command>' or 'git help <concept>'\nto read about a specific subcommand or concept.\nSee 'git help git' for an overview of the system.\n""
[0m00:19:12.627441 [debug] [MainThread]: STDERR: "b''"
[0m00:19:12.627441 [info ] [MainThread]:  - git [[32mOK found[0m]

[0m00:19:12.627441 [info ] [MainThread]: Connection:
[0m00:19:12.630970 [info ] [MainThread]:   account: NEGYXNA-WP12944
[0m00:19:12.630970 [info ] [MainThread]:   user: PEDRONUNESM
[0m00:19:12.630970 [info ] [MainThread]:   database: GITPROJ
[0m00:19:12.630970 [info ] [MainThread]:   warehouse: GITPROJ_WH
[0m00:19:12.630970 [info ] [MainThread]:   role: DBT_ROLE
[0m00:19:12.630970 [info ] [MainThread]:   schema: SILVER
[0m00:19:12.630970 [info ] [MainThread]:   authenticator: None
[0m00:19:12.630970 [info ] [MainThread]:   oauth_client_id: None
[0m00:19:12.636646 [info ] [MainThread]:   query_tag: None
[0m00:19:12.637103 [info ] [MainThread]:   client_session_keep_alive: False
[0m00:19:12.638414 [info ] [MainThread]:   host: None
[0m00:19:12.638414 [info ] [MainThread]:   port: None
[0m00:19:12.639653 [info ] [MainThread]:   proxy_host: None
[0m00:19:12.639653 [info ] [MainThread]:   proxy_port: None
[0m00:19:12.640766 [info ] [MainThread]:   protocol: None
[0m00:19:12.641783 [info ] [MainThread]:   connect_retries: 1
[0m00:19:12.642614 [info ] [MainThread]:   connect_timeout: None
[0m00:19:12.643636 [info ] [MainThread]:   retry_on_database_errors: False
[0m00:19:12.645075 [info ] [MainThread]:   retry_all: False
[0m00:19:12.646072 [info ] [MainThread]:   insecure_mode: False
[0m00:19:12.646072 [info ] [MainThread]:   reuse_connections: True
[0m00:19:12.647507 [info ] [MainThread]:   s3_stage_vpce_dns_name: None
[0m00:19:12.647507 [info ] [MainThread]:   workload_identity_provider: None
[0m00:19:12.648509 [info ] [MainThread]:   workload_identity_entra_resource: None
[0m00:19:12.648509 [info ] [MainThread]:   platform_detection_timeout_seconds: 0.0
[0m00:19:12.648509 [info ] [MainThread]: Registered adapter: snowflake=1.12.0
[0m00:19:12.983489 [debug] [MainThread]: Acquiring new snowflake connection 'debug'
[0m00:19:12.985745 [debug] [MainThread]: Using snowflake connection "debug"
[0m00:19:12.986746 [debug] [MainThread]: On debug: select 1 as id
[0m00:19:12.986746 [debug] [MainThread]: Opening a new connection, currently in state init
[0m00:19:14.027954 [debug] [MainThread]: SQL status: SUCCESS 1 in 1.041 seconds
[0m00:19:14.029057 [info ] [MainThread]:   Connection test: [[32mOK connection ok[0m]

[0m00:19:14.030095 [info ] [MainThread]: [31m1 check failed:[0m
[0m00:19:14.030095 [info ] [MainThread]: Project loading failed for the following reason:
 project path <C:\Users\pedro\Desktop\github-repo-analytics-elt\dbt_project.yml> not found

[0m00:19:14.032090 [debug] [MainThread]: Command `dbt debug` failed at 00:19:14.032090 after 2.17 seconds
[0m00:19:14.033308 [debug] [MainThread]: Connection 'debug' was left open.
[0m00:19:14.033308 [debug] [MainThread]: On debug: Close
[0m00:19:14.105697 [debug] [MainThread]: Sending event: {'category': 'dbt', 'action': 'invocation', 'label': 'end', 'context': [<snowplow_tracker.self_describing_json.SelfDescribingJson object at 0x000001B4774B1220>, <snowplow_tracker.self_describing_json.SelfDescribingJson object at 0x000001B47AA325A0>, <snowplow_tracker.self_describing_json.SelfDescribingJson object at 0x000001B4799BDDC0>]}
[0m00:19:14.106692 [debug] [MainThread]: Flushing usage events
[0m00:19:14.813259 [debug] [MainThread]: An error was encountered while trying to flush usage events
[0m01:00:25.637468 [debug] [MainThread]: Sending event: {'category': 'dbt', 'action': 'invocation', 'label': 'start', 'context': [<snowplow_tracker.self_describing_json.SelfDescribingJson object at 0x000001BBEEBB5040>, <snowplow_tracker.self_describing_json.SelfDescribingJson object at 0x000001BBED958740>, <snowplow_tracker.self_describing_json.SelfDescribingJson object at 0x000001BBF0A42450>]}


============================== 01:00:25.646536 | 21fc3608-1829-4d5c-904d-b976740df296 ==============================
[0m01:00:25.646536 [info ] [MainThread]: Running with dbt=1.12.4
[0m01:00:25.646536 [debug] [MainThread]: running dbt with arguments {'static_parser': 'True', 'no_print': 'None', 'maximum_seed_size_mib': '1', 'warn_error_options': 'WarnErrorOptionsV2(error=[], warn=[], silence=[])', 'target_path': 'None', 'version_check': 'True', 'printer_width': '80', 'write_json': 'True', 'empty': 'False', 'log_cache_events': 'False', 'introspect': 'True', 'cache_selected_only': 'False', 'fail_fast': 'False', 'debug': 'False', 'log_format': 'default', 'partial_parse': 'True', 'send_anonymous_usage_stats': 'True', 'quiet': 'False', 'warn_error': 'None', 'profiles_dir': 'C:\\Users\\pedro\\.dbt', 'indirect_selection': 'eager', 'hints_enabled': 'True', 'invocation_command': 'dbt run --select silver_comments', 'use_experimental_parser': 'False', 'use_colors': 'True', 'log_path': 'logs'}
[0m01:00:25.646536 [error] [MainThread]: [[31mERROR[0m]: Encountered an error:
Runtime Error
  No dbt_project.yml found at expected path C:\Users\pedro\Desktop\github-repo-analytics-elt\dbt_project.yml
  Verify that each entry within packages.yml (and their transitive dependencies) contains a file named dbt_project.yml
  
[0m01:00:25.646536 [debug] [MainThread]: Command `dbt run` failed at 01:00:25.646536 after 0.22 seconds
[0m01:00:25.646536 [debug] [MainThread]: Sending event: {'category': 'dbt', 'action': 'invocation', 'label': 'end', 'context': [<snowplow_tracker.self_describing_json.SelfDescribingJson object at 0x000001BBF0C0C470>, <snowplow_tracker.self_describing_json.SelfDescribingJson object at 0x000001BBF0506CC0>, <snowplow_tracker.self_describing_json.SelfDescribingJson object at 0x000001BBF2890C50>]}
[0m01:00:25.646536 [debug] [MainThread]: Flushing usage events
[0m01:00:26.419757 [debug] [MainThread]: An error was encountered while trying to flush usage events
[0m15:08:00.899273 [debug] [MainThread]: Sending event: {'category': 'dbt', 'action': 'invocation', 'label': 'start', 'context': [<snowplow_tracker.self_describing_json.SelfDescribingJson object at 0x0000014909CF7680>, <snowplow_tracker.self_describing_json.SelfDescribingJson object at 0x0000014909F87020>, <snowplow_tracker.self_describing_json.SelfDescribingJson object at 0x00000149067D5550>]}


============================== 15:08:00.917448 | d48575df-0fb5-46d7-8594-8d7a54d6dd2d ==============================
[0m15:08:00.917448 [info ] [MainThread]: Running with dbt=1.12.4
[0m15:08:00.917448 [debug] [MainThread]: running dbt with arguments {'maximum_seed_size_mib': '1', 'no_print': 'None', 'version_check': 'True', 'warn_error_options': 'WarnErrorOptionsV2(error=[], warn=[], silence=[])', 'target_path': 'None', 'static_parser': 'True', 'printer_width': '80', 'write_json': 'True', 'empty': 'False', 'log_cache_events': 'False', 'introspect': 'True', 'cache_selected_only': 'False', 'log_format': 'default', 'debug': 'False', 'fail_fast': 'False', 'profiles_dir': 'C:\\Users\\pedro\\.dbt', 'send_anonymous_usage_stats': 'True', 'quiet': 'False', 'warn_error': 'None', 'partial_parse': 'True', 'indirect_selection': 'eager', 'hints_enabled': 'True', 'invocation_command': 'dbt run --select silver_users.sql', 'use_experimental_parser': 'False', 'use_colors': 'True', 'log_path': 'logs'}
[0m15:08:00.917448 [error] [MainThread]: [[31mERROR[0m]: Encountered an error:
Runtime Error
  No dbt_project.yml found at expected path C:\Users\pedro\Desktop\github-repo-analytics-elt\dbt_project.yml
  Verify that each entry within packages.yml (and their transitive dependencies) contains a file named dbt_project.yml
  
[0m15:08:00.917448 [debug] [MainThread]: Command `dbt run` failed at 15:08:00.917448 after 0.38 seconds
[0m15:08:00.917448 [debug] [MainThread]: Sending event: {'category': 'dbt', 'action': 'invocation', 'label': 'end', 'context': [<snowplow_tracker.self_describing_json.SelfDescribingJson object at 0x00000149090729C0>, <snowplow_tracker.self_describing_json.SelfDescribingJson object at 0x00000149091FF650>, <snowplow_tracker.self_describing_json.SelfDescribingJson object at 0x0000014909927CE0>]}
[0m15:08:00.917448 [debug] [MainThread]: Flushing usage events
[0m15:08:02.087324 [debug] [MainThread]: An error was encountered while trying to flush usage events
[0m21:25:27.813882 [debug] [MainThread]: Sending event: {'category': 'dbt', 'action': 'invocation', 'label': 'start', 'context': [<snowplow_tracker.self_describing_json.SelfDescribingJson object at 0x000002514B145130>, <snowplow_tracker.self_describing_json.SelfDescribingJson object at 0x000002514AF47C20>, <snowplow_tracker.self_describing_json.SelfDescribingJson object at 0x000002514AFAA000>]}


============================== 21:25:27.828845 | 2805e123-0c6b-4dfe-84a7-8b42068046f7 ==============================
[0m21:25:27.828845 [info ] [MainThread]: Running with dbt=1.12.4
[0m21:25:27.829867 [debug] [MainThread]: running dbt with arguments {'version_check': 'True', 'no_print': 'None', 'static_parser': 'True', 'target_path': 'None', 'warn_error_options': 'WarnErrorOptionsV2(error=[], warn=[], silence=[])', 'maximum_seed_size_mib': '1', 'printer_width': '80', 'write_json': 'True', 'empty': 'False', 'log_cache_events': 'False', 'introspect': 'True', 'cache_selected_only': 'False', 'fail_fast': 'False', 'debug': 'False', 'log_format': 'default', 'partial_parse': 'True', 'send_anonymous_usage_stats': 'True', 'quiet': 'False', 'warn_error': 'None', 'profiles_dir': 'C:\\Users\\pedro\\.dbt', 'use_colors': 'True', 'hints_enabled': 'True', 'indirect_selection': 'eager', 'use_experimental_parser': 'False', 'invocation_command': 'dbt run --select silver', 'log_path': 'logs'}
[0m21:25:27.831244 [error] [MainThread]: [[31mERROR[0m]: Encountered an error:
Runtime Error
  No dbt_project.yml found at expected path C:\Users\pedro\Desktop\github-repo-analytics-elt\dbt_project.yml
  Verify that each entry within packages.yml (and their transitive dependencies) contains a file named dbt_project.yml
  
[0m21:25:27.831244 [debug] [MainThread]: Command `dbt run` failed at 21:25:27.831244 after 0.37 seconds
[0m21:25:27.831244 [debug] [MainThread]: Sending event: {'category': 'dbt', 'action': 'invocation', 'label': 'end', 'context': [<snowplow_tracker.self_describing_json.SelfDescribingJson object at 0x000002514AD28140>, <snowplow_tracker.self_describing_json.SelfDescribingJson object at 0x0000025148DBAF00>, <snowplow_tracker.self_describing_json.SelfDescribingJson object at 0x000002514CCCA3F0>]}
[0m21:25:27.831244 [debug] [MainThread]: Flushing usage events
[0m21:25:29.338101 [debug] [MainThread]: An error was encountered while trying to flush usage events
[0m00:06:04.569277 [debug] [MainThread]: Sending event: {'category': 'dbt', 'action': 'invocation', 'label': 'start', 'context': [<snowplow_tracker.self_describing_json.SelfDescribingJson object at 0x000001C38922C8F0>, <snowplow_tracker.self_describing_json.SelfDescribingJson object at 0x000001C387B0F560>, <snowplow_tracker.self_describing_json.SelfDescribingJson object at 0x000001C385525880>]}


============================== 00:06:04.575591 | be0fd82b-0873-4c78-8318-50cf446d47ab ==============================
[0m00:06:04.575591 [info ] [MainThread]: Running with dbt=1.12.4
[0m00:06:04.576597 [debug] [MainThread]: running dbt with arguments {'version_check': 'True', 'no_print': 'None', 'static_parser': 'True', 'target_path': 'None', 'warn_error_options': 'WarnErrorOptionsV2(error=[], warn=[], silence=[])', 'maximum_seed_size_mib': '1', 'printer_width': '80', 'write_json': 'True', 'introspect': 'True', 'log_cache_events': 'False', 'empty': 'False', 'cache_selected_only': 'False', 'fail_fast': 'False', 'debug': 'False', 'log_format': 'default', 'profiles_dir': 'C:\\Users\\pedro\\.dbt', 'send_anonymous_usage_stats': 'True', 'quiet': 'False', 'warn_error': 'None', 'partial_parse': 'True', 'invocation_command': 'dbt run --select silver', 'hints_enabled': 'True', 'use_colors': 'True', 'use_experimental_parser': 'False', 'indirect_selection': 'eager', 'log_path': 'logs'}
[0m00:06:04.577601 [error] [MainThread]: [[31mERROR[0m]: Encountered an error:
Runtime Error
  No dbt_project.yml found at expected path C:\Users\pedro\Desktop\github-repo-analytics-elt\dbt_project.yml
  Verify that each entry within packages.yml (and their transitive dependencies) contains a file named dbt_project.yml
  
[0m00:06:04.578599 [debug] [MainThread]: Command `dbt run` failed at 00:06:04.578599 after 0.23 seconds
[0m00:06:04.579597 [debug] [MainThread]: Sending event: {'category': 'dbt', 'action': 'invocation', 'label': 'end', 'context': [<snowplow_tracker.self_describing_json.SelfDescribingJson object at 0x000001C3893D8C50>, <snowplow_tracker.self_describing_json.SelfDescribingJson object at 0x000001C3874A0290>, <snowplow_tracker.self_describing_json.SelfDescribingJson object at 0x000001C387B0F560>]}
[0m00:06:04.580597 [debug] [MainThread]: Flushing usage events
[0m00:06:05.312375 [debug] [MainThread]: An error was encountered while trying to flush usage events
